error TS6305: Output file 'C:/Users/wyx33/Desktop/my-backup-folder/缁熻椤圭洰_鍓嶇/src/client/components/OneSampleMeanCI.d.ts' has not been built from source file 'C:/Users/wyx33/Desktop/my-backup-folder/缁熻椤圭洰_鍓嶇/src/client/components/OneSampleMeanCI.tsx'.
  The file is in the program because:
    Matched by include pattern 'src' in 'C:/Users/wyx33/Desktop/my-backup-folder/缁熻椤圭洰_鍓嶇/tsconfig.json'
error TS6305: Output file 'C:/Users/wyx33/Desktop/my-backup-folder/缁熻椤圭洰_鍓嶇/src/components/BasicStatisticsTab.d.ts' has not been built from source file 'C:/Users/wyx33/Desktop/my-backup-folder/缁熻椤圭洰_鍓嶇/src/components/BasicStatisticsTab.tsx'.
  The file is in the program because:
    Matched by include pattern 'src' in 'C:/Users/wyx33/Desktop/my-backup-folder/缁熻椤圭洰_鍓嶇/tsconfig.json'
error TS6305: Output file 'C:/Users/wyx33/Desktop/my-backup-folder/缁熻椤圭洰_鍓嶇/src/components/MLEMoMTab.d.ts' has not been built from source file 'C:/Users/wyx33/Desktop/my-backup-folder/缁熻椤圭洰_鍓嶇/src/components/MLEMoMTab.tsx'.
  The file is in the program because:
    Matched by include pattern 'src' in 'C:/Users/wyx33/Desktop/my-backup-folder/缁熻椤圭洰_鍓嶇/tsconfig.json'
error TS6305: Output file 'C:/Users/wyx33/Desktop/my-backup-folder/缁熻椤圭洰_鍓嶇/src/components/OneSampleMeanCI.d.ts' has not been built from source file 'C:/Users/wyx33/Desktop/my-backup-folder/缁熻椤圭洰_鍓嶇/src/components/OneSampleMeanCI.tsx'.
  The file is in the program because:
    Matched by include pattern 'src' in 'C:/Users/wyx33/Desktop/my-backup-folder/缁熻椤圭洰_鍓嶇/tsconfig.json'
error TS6305: Output file 'C:/Users/wyx33/Desktop/my-backup-folder/缁熻椤圭洰_鍓嶇/src/components/PowerFunction.d.ts' has not been built from source file 'C:/Users/wyx33/Desktop/my-backup-folder/缁熻椤圭洰_鍓嶇/src/components/PowerFunction.tsx'.
  The file is in the program because:
    Matched by include pattern 'src' in 'C:/Users/wyx33/Desktop/my-backup-folder/缁熻椤圭洰_鍓嶇/tsconfig.json'
error TS6305: Output file 'C:/Users/wyx33/Desktop/my-backup-folder/缁熻椤圭洰_鍓嶇/src/components/PowerFunctionChart.d.ts' has not been built from source file 'C:/Users/wyx33/Desktop/my-backup-folder/缁熻椤圭洰_鍓嶇/src/components/PowerFunctionChart.tsx'.
  The file is in the program because:
    Matched by include pattern 'src' in 'C:/Users/wyx33/Desktop/my-backup-folder/缁熻椤圭洰_鍓嶇/tsconfig.json'
